// Vitest Snapshot v1, https://vitest.dev/guide/snapshot.html

exports[`extraction characterization > dates.csv as csv 1`] = `
{
  "dates": [
    {
      "context": "1,2024-01-15T10:30:00Z,2024-01-16,ok",
      "format": "iso",
      "position": {
        "column": 3,
        "line": 2,
      },
      "timestamp": 1705314600000,
      "value": "2024-01-15T10:30:00Z",
    },
    {
      "context": "1,2024-01-15T10:30:00Z,2024-01-16,ok",
      "format": "simple",
      "position": {
        "column": 24,
        "line": 2,
      },
      "timestamp": 1705363200000,
      "value": "2024-01-16",
    },
    {
      "context": "2,1705312200,12/25/2023 23:59:59,invoice 12345678901234567890",
      "format": "unix",
      "position": {
        "column": 3,
        "line": 3,
      },
      "timestamp": 1705312200000,
      "value": "1705312200",
    },
    {
      "context": "2,1705312200,12/25/2023 23:59:59,invoice 12345678901234567890",
      "format": "local",
      "position": {
        "column": 14,
        "line": 3,
      },
      "timestamp": 1703548799000,
      "value": "12/25/2023 23:59:59",
    },
    {
      "context": "3,2024-01-15T10:30:00Z,2024-01-15,substring date cell",
      "format": "iso",
      "position": {
        "column": 3,
        "line": 4,
      },
      "timestamp": 1705314600000,
      "value": "2024-01-15T10:30:00Z",
    },
    {
      "context": "3,2024-01-15T10:30:00Z,2024-01-15,substring date cell",
      "format": "simple",
      "position": {
        "column": 24,
        "line": 4,
      },
      "timestamp": 1705276800000,
      "value": "2024-01-15",
    },
  ],
  "errors": [],
  "success": true,
}
`;

exports[`extraction characterization > dates.html as html 1`] = `
{
  "dates": [
    {
      "context": "<meta property="date" content="2024-01-15" />",
      "format": "simple",
      "position": {
        "column": 33,
        "line": 4,
      },
      "timestamp": 1705276800000,
      "value": "2024-01-15",
    },
    {
      "context": "{"datePublished": "2024-02-01T09:00:00Z", "dateModified": "2024-02-02T10:00:00Z"}",
      "format": "iso",
      "position": {
        "column": 22,
        "line": 6,
      },
      "timestamp": 1706778000000,
      "value": "2024-02-01T09:00:00Z",
    },
    {
      "context": "{"datePublished": "2024-02-01T09:00:00Z", "dateModified": "2024-02-02T10:00:00Z"}",
      "format": "iso",
      "position": {
        "column": 62,
        "line": 6,
      },
      "timestamp": 1706868000000,
      "value": "2024-02-02T10:00:00Z",
    },
    {
      "context": "<time datetime="2024-03-15T12:00:00Z">March 15</time>",
      "format": "iso",
      "position": {
        "column": 18,
        "line": 10,
      },
      "timestamp": 1710504000000,
      "value": "2024-03-15T12:00:00Z",
    },
    {
      "context": "<p>Event on 12/25/2023 18:00:00, epoch 1703527200.</p>",
      "format": "local",
      "position": {
        "column": 14,
        "line": 11,
      },
      "timestamp": 1703527200000,
      "value": "12/25/2023 18:00:00",
    },
    {
      "context": "<p>Event on 12/25/2023 18:00:00, epoch 1703527200.</p>",
      "format": "unix",
      "position": {
        "column": 41,
        "line": 11,
      },
      "timestamp": 1703527200000,
      "value": "1703527200",
    },
  ],
  "errors": [],
  "success": true,
}
`;

exports[`extraction characterization > dates.js as javascript 1`] = `
{
  "dates": [
    {
      "context": "const created = new Date('2024-01-15T10:30:00Z');",
      "format": "iso",
      "position": {
        "column": 27,
        "line": 1,
      },
      "timestamp": 1705314600000,
      "value": "2024-01-15T10:30:00Z",
    },
    {
      "context": "const parsedAt = Date.parse('2024-02-01');",
      "format": "simple",
      "position": {
        "column": 30,
        "line": 2,
      },
      "timestamp": 1706745600000,
      "value": "2024-02-01",
    },
    {
      "context": "const viaMoment = moment('2024-03-15');",
      "format": "simple",
      "position": {
        "column": 27,
        "line": 3,
      },
      "timestamp": 1710460800000,
      "value": "2024-03-15",
    },
    {
      "context": "const viaDayjs = dayjs('2024-04-01T00:00:00.000Z');",
      "format": "iso",
      "position": {
        "column": 25,
        "line": 4,
      },
      "timestamp": 1711929600000,
      "value": "2024-04-01T00:00:00.000Z",
    },
    {
      "context": "const viaLuxon = DateTime.fromISO('2024-05-20T14:30:00+02:00');",
      "format": "iso",
      "position": {
        "column": 36,
        "line": 5,
      },
      "timestamp": 1716208200000,
      "value": "2024-05-20T14:30:00+02:00",
    },
    {
      "context": "'2024-06-15T10:30:00Z',",
      "format": "iso",
      "position": {
        "column": 3,
        "line": 7,
      },
      "timestamp": 1718447400000,
      "value": "2024-06-15T10:30:00Z",
    },
    {
      "context": "const epochSeconds = 1705312200;",
      "format": "unix",
      "position": {
        "column": 22,
        "line": 9,
      },
      "timestamp": 1705312200000,
      "value": "1705312200",
    },
    {
      "context": "// released 2024-07-04 per the roadmap",
      "format": "simple",
      "position": {
        "column": 13,
        "line": 11,
      },
      "timestamp": 1720051200000,
      "value": "2024-07-04",
    },
  ],
  "errors": [],
  "success": true,
}
`;

exports[`extraction characterization > dates.js as typescript 1`] = `
{
  "dates": [
    {
      "context": "const created = new Date('2024-01-15T10:30:00Z');",
      "format": "iso",
      "position": {
        "column": 27,
        "line": 1,
      },
      "timestamp": 1705314600000,
      "value": "2024-01-15T10:30:00Z",
    },
    {
      "context": "const parsedAt = Date.parse('2024-02-01');",
      "format": "simple",
      "position": {
        "column": 30,
        "line": 2,
      },
      "timestamp": 1706745600000,
      "value": "2024-02-01",
    },
    {
      "context": "const viaMoment = moment('2024-03-15');",
      "format": "simple",
      "position": {
        "column": 27,
        "line": 3,
      },
      "timestamp": 1710460800000,
      "value": "2024-03-15",
    },
    {
      "context": "const viaDayjs = dayjs('2024-04-01T00:00:00.000Z');",
      "format": "iso",
      "position": {
        "column": 25,
        "line": 4,
      },
      "timestamp": 1711929600000,
      "value": "2024-04-01T00:00:00.000Z",
    },
    {
      "context": "const viaLuxon = DateTime.fromISO('2024-05-20T14:30:00+02:00');",
      "format": "iso",
      "position": {
        "column": 36,
        "line": 5,
      },
      "timestamp": 1716208200000,
      "value": "2024-05-20T14:30:00+02:00",
    },
    {
      "context": "'2024-06-15T10:30:00Z',",
      "format": "iso",
      "position": {
        "column": 3,
        "line": 7,
      },
      "timestamp": 1718447400000,
      "value": "2024-06-15T10:30:00Z",
    },
    {
      "context": "const epochSeconds = 1705312200;",
      "format": "unix",
      "position": {
        "column": 22,
        "line": 9,
      },
      "timestamp": 1705312200000,
      "value": "1705312200",
    },
    {
      "context": "// released 2024-07-04 per the roadmap",
      "format": "simple",
      "position": {
        "column": 13,
        "line": 11,
      },
      "timestamp": 1720051200000,
      "value": "2024-07-04",
    },
  ],
  "errors": [],
  "success": true,
}
`;

exports[`extraction characterization > dates.json as json 1`] = `
{
  "dates": [
    {
      "context": ""created": "2024-01-15T10:30:00Z",",
      "format": "iso",
      "position": {
        "column": 14,
        "line": 2,
      },
      "timestamp": 1705314600000,
      "value": "2024-01-15T10:30:00Z",
    },
    {
      "context": ""updated": "2024-01-15T10:30:00.123+05:30",",
      "format": "iso",
      "position": {
        "column": 14,
        "line": 3,
      },
      "timestamp": 1705294800123,
      "value": "2024-01-15T10:30:00.123+05:30",
    },
    {
      "context": ""released": "2024-03-01",",
      "format": "simple",
      "position": {
        "column": 15,
        "line": 4,
      },
      "timestamp": 1709251200000,
      "value": "2024-03-01",
    },
    {
      "context": ""unixSeconds": 1705312200,",
      "format": "unix",
      "position": {
        "column": 17,
        "line": 5,
      },
      "timestamp": 1705312200000,
      "value": "1705312200",
    },
    {
      "context": ""unixMillis": 1705312200123,",
      "format": "unix",
      "position": {
        "column": 16,
        "line": 6,
      },
      "timestamp": 1705312200123,
      "value": "1705312200123",
    },
    {
      "context": ""note": "meeting on 2024-01-15 was moved",",
      "format": "simple",
      "position": {
        "column": 22,
        "line": 8,
      },
      "timestamp": 1705276800000,
      "value": "2024-01-15",
    },
    {
      "context": ""dup": "2024-03-01 and 2024-03-01",",
      "format": "simple",
      "position": {
        "column": 10,
        "line": 9,
      },
      "timestamp": 1709251200000,
      "value": "2024-03-01",
    },
    {
      "context": ""dup": "2024-03-01 and 2024-03-01",",
      "format": "simple",
      "position": {
        "column": 25,
        "line": 9,
      },
      "timestamp": 1709251200000,
      "value": "2024-03-01",
    },
    {
      "context": ""rfc": "Mon, 15 Jan 2024 10:30:00 GMT",",
      "format": "rfc2822",
      "position": {
        "column": 10,
        "line": 10,
      },
      "timestamp": 1705314600000,
      "value": "Mon, 15 Jan 2024 10:30:00 GMT",
    },
    {
      "context": ""utc": "Mon Jan 15 2024 10:30:00 GMT+0000",",
      "format": "utc",
      "position": {
        "column": 10,
        "line": 11,
      },
      "timestamp": 1705314600000,
      "value": "Mon Jan 15 2024 10:30:00 GMT+0000",
    },
    {
      "context": ""local": "1/15/2024 10:30:00"",
      "format": "local",
      "position": {
        "column": 12,
        "line": 12,
      },
      "timestamp": 1705314600000,
      "value": "1/15/2024 10:30:00",
    },
  ],
  "errors": [],
  "success": true,
}
`;

exports[`extraction characterization > dates.log as log 1`] = `
{
  "dates": [
    {
      "context": "2024-01-15 10:30:00.123 ERROR db connection failed",
      "format": "iso",
      "position": {
        "column": 1,
        "line": 1,
      },
      "timestamp": 1705314600123,
      "value": "2024-01-15 10:30:00.123",
    },
    {
      "context": "2024-01-15 10:30:05 WARN retrying at 2024-01-15T10:30:06Z",
      "format": "iso",
      "position": {
        "column": 1,
        "line": 2,
      },
      "timestamp": 1705314605000,
      "value": "2024-01-15 10:30:05",
    },
    {
      "context": "2024-01-15 10:30:05 WARN retrying at 2024-01-15T10:30:06Z",
      "format": "iso",
      "position": {
        "column": 38,
        "line": 2,
      },
      "timestamp": 1705314606000,
      "value": "2024-01-15T10:30:06Z",
    },
    {
      "context": "Jan 15 10:30:07 myhost sshd[1234]: session opened",
      "format": "custom",
      "position": {
        "column": 1,
        "line": 3,
      },
      "timestamp": 1768473007000,
      "value": "Jan 15 10:30:07",
    },
    {
      "context": "[15/Jan/2024:10:30:08 +0000] "GET /health HTTP/1.1" 200",
      "format": "custom",
      "position": {
        "column": 2,
        "line": 4,
      },
      "timestamp": 1705314608000,
      "value": "15/Jan/2024:10:30:08 +0000",
    },
    {
      "context": "Mon, 15 Jan 2024 10:30:09 GMT response cached",
      "format": "rfc2822",
      "position": {
        "column": 1,
        "line": 5,
      },
      "timestamp": 1705314609000,
      "value": "Mon, 15 Jan 2024 10:30:09 GMT",
    },
    {
      "context": "processed 1705312209000 events in 42ms",
      "format": "unix",
      "position": {
        "column": 11,
        "line": 6,
      },
      "timestamp": 1705312209000,
      "value": "1705312209000",
    },
  ],
  "errors": [],
  "success": true,
}
`;

exports[`extraction characterization > dates.log as plaintext 1`] = `
{
  "dates": [
    {
      "context": "2024-01-15 10:30:00.123 ERROR db connection failed",
      "format": "iso",
      "position": {
        "column": 1,
        "line": 1,
      },
      "timestamp": 1705314600123,
      "value": "2024-01-15 10:30:00.123",
    },
    {
      "context": "2024-01-15 10:30:05 WARN retrying at 2024-01-15T10:30:06Z",
      "format": "iso",
      "position": {
        "column": 1,
        "line": 2,
      },
      "timestamp": 1705314605000,
      "value": "2024-01-15 10:30:05",
    },
    {
      "context": "2024-01-15 10:30:05 WARN retrying at 2024-01-15T10:30:06Z",
      "format": "iso",
      "position": {
        "column": 38,
        "line": 2,
      },
      "timestamp": 1705314606000,
      "value": "2024-01-15T10:30:06Z",
    },
    {
      "context": "Jan 15 10:30:07 myhost sshd[1234]: session opened",
      "format": "custom",
      "position": {
        "column": 1,
        "line": 3,
      },
      "timestamp": 1768473007000,
      "value": "Jan 15 10:30:07",
    },
    {
      "context": "[15/Jan/2024:10:30:08 +0000] "GET /health HTTP/1.1" 200",
      "format": "custom",
      "position": {
        "column": 2,
        "line": 4,
      },
      "timestamp": 1705314608000,
      "value": "15/Jan/2024:10:30:08 +0000",
    },
    {
      "context": "Mon, 15 Jan 2024 10:30:09 GMT response cached",
      "format": "rfc2822",
      "position": {
        "column": 1,
        "line": 5,
      },
      "timestamp": 1705314609000,
      "value": "Mon, 15 Jan 2024 10:30:09 GMT",
    },
    {
      "context": "processed 1705312209000 events in 42ms",
      "format": "unix",
      "position": {
        "column": 11,
        "line": 6,
      },
      "timestamp": 1705312209000,
      "value": "1705312209000",
    },
  ],
  "errors": [],
  "success": true,
}
`;

exports[`extraction characterization > dates.xml as xml 1`] = `
{
  "dates": [
    {
      "context": "<released>2024-02-29T12:00:00Z</released>",
      "format": "iso",
      "position": {
        "column": 12,
        "line": 4,
      },
      "timestamp": 1709208000000,
      "value": "2024-02-29T12:00:00Z",
    },
    {
      "context": "<epoch>1706745600</epoch>",
      "format": "unix",
      "position": {
        "column": 9,
        "line": 5,
      },
      "timestamp": 1706745600000,
      "value": "1706745600",
    },
    {
      "context": "<note>updated 3/14/2024 09:26:53</note>",
      "format": "local",
      "position": {
        "column": 16,
        "line": 6,
      },
      "timestamp": 1710408413000,
      "value": "3/14/2024 09:26:53",
    },
  ],
  "errors": [],
  "success": true,
}
`;

exports[`extraction characterization > dates.yaml as yaml 1`] = `
{
  "dates": [
    {
      "context": "date: 2024-06-01",
      "format": "simple",
      "position": {
        "column": 9,
        "line": 2,
      },
      "timestamp": 1717200000000,
      "value": "2024-06-01",
    },
    {
      "context": "time: 2024-06-01T08:00:00Z",
      "format": "iso",
      "position": {
        "column": 9,
        "line": 3,
      },
      "timestamp": 1717228800000,
      "value": "2024-06-01T08:00:00Z",
    },
    {
      "context": "epoch: 1717228800",
      "format": "unix",
      "position": {
        "column": 10,
        "line": 5,
      },
      "timestamp": 1717228800000,
      "value": "1717228800",
    },
    {
      "context": "- 2023-12-25",
      "format": "simple",
      "position": {
        "column": 5,
        "line": 7,
      },
      "timestamp": 1703462400000,
      "value": "2023-12-25",
    },
    {
      "context": "- 2023-12-25",
      "format": "simple",
      "position": {
        "column": 5,
        "line": 8,
      },
      "timestamp": 1703462400000,
      "value": "2023-12-25",
    },
    {
      "context": "note: "deployed 12/25/2023 23:59:59"",
      "format": "local",
      "position": {
        "column": 17,
        "line": 9,
      },
      "timestamp": 1703548799000,
      "value": "12/25/2023 23:59:59",
    },
  ],
  "errors": [],
  "success": true,
}
`;
